[00:33:00] [User Authenticator #4/INFO]: UUID of player devnull03 is 4bcd2916-38f1-4dde-a2f6-cf8506d13cb0
[00:33:01] [Server thread/INFO]: devnull03[/127.113.94.64:57977] logged in with entity id 11958 at (-30.399377944051356, 42.0, -15.300000011920929)
[00:33:01] [Server thread/INFO]: devnull03 joined the game
[00:33:02] [Server thread/INFO]: Command execution stopped due to limit (executed 65536 commands)
[00:33:02] [Server thread/INFO]: Command execution stopped due to limit (executed 65536 commands)
[00:33:02] [Server thread/INFO]: Command execution stopped due to limit (executed 65536 commands)
[00:33:02] [Server thread/INFO]: Command execution stopped due to limit (executed 65536 commands)
[00:33:02] [Server thread/INFO]: Command execution stopped due to limit (executed 65536 commands)
[00:33:02] [Server thread/INFO]: Command execution stopped due to limit (executed 65536 commands)
[00:33:02] [Server thread/INFO]: Command execution stopped due to limit (executed 65536 commands)
[00:33:02] [Server thread/INFO]: Command execution stopped due to limit (executed 65536 commands)
[00:33:02] [Server thread/INFO]: Command execution stopped due to limit (executed 65536 commands)
[00:33:02] [Server thread/INFO]: Command execution stopped due to limit (executed 65536 commands)
[00:33:02] [Server thread/INFO]: Command execution stopped due to limit (executed 65536 commands)
[00:33:02] [Server thread/INFO]: Command execution stopped due to limit (executed 65536 commands)
[00:33:02] [Server thread/INFO]: Command execution stopped due to limit (executed 65536 commands)
[00:33:02] [Server thread/INFO]: Command execution stopped due to limit (executed 65536 commands)
[00:33:02] [Server thread/INFO]: Command execution stopped due to limit (executed 65536 commands)
[00:33:02] [Server thread/INFO]: Command execution stopped due to limit (executed 65536 commands)
[00:33:02] [Server thread/INFO]: Command execution stopped due to limit (executed 65536 commands)
[00:33:02] [Server thread/INFO]: Command execution stopped due to limit (executed 65536 commands)
[00:33:03] [Server thread/INFO]: Command execution stopped due to limit (executed 65536 commands)
[00:33:03] [Server thread/INFO]: Command execution stopped due to limit (executed 65536 commands)
[00:33:03] [Server thread/INFO]: Command execution stopped due to limit (executed 65536 commands)
[00:33:03] [Server thread/INFO]: Command execution stopped due to limit (executed 65536 commands)
[00:33:03] [Server thread/INFO]: Command execution stopped due to limit (executed 65536 commands)
[00:33:03] [Server thread/INFO]: Command execution stopped due to limit (executed 65536 commands)
[00:33:03] [Server thread/INFO]: Command execution stopped due to limit (executed 65536 commands)
[00:33:03] [Server thread/INFO]: Command execution stopped due to limit (executed 65536 commands)
[00:33:03] [Server thread/INFO]: Command execution stopped due to limit (executed 65536 commands)
[00:33:03] [Server thread/INFO]: Command execution stopped due to limit (executed 65536 commands)
[00:33:03] [Server thread/INFO]: Command execution stopped due to limit (executed 65536 commands)
[00:33:03] [Server thread/INFO]: Command execution stopped due to limit (executed 65536 commands)
[00:33:03] [Server thread/INFO]: Command execution stopped due to limit (executed 65536 commands)
[00:33:03] [Server thread/INFO]: Command execution stopped due to limit (executed 65536 commands)
[00:33:03] [Server thread/INFO]: Command execution stopped due to limit (executed 65536 commands)
[00:33:03] [Server thread/INFO]: Command execution stopped due to limit (executed 65536 commands)
[00:33:03] [Server thread/INFO]: Command execution stopped due to limit (executed 65536 commands)
[00:33:03] [Server thread/INFO]: Command execution stopped due to limit (executed 65536 commands)
[00:33:04] [Server thread/INFO]: Command execution stopped due to limit (executed 65536 commands)
[00:33:04] [Server thread/INFO]: Command execution stopped due to limit (executed 65536 commands)
[00:33:04] [Server thread/INFO]: Command execution stopped due to limit (executed 65536 commands)
[00:33:04] [Server thread/INFO]: Command execution stopped due to limit (executed 65536 commands)
[00:33:04] [Server thread/INFO]: Command execution stopped due to limit (executed 65536 commands)
[00:33:04] [Server thread/INFO]: Command execution stopped due to limit (executed 65536 commands)
[00:33:04] [Server thread/INFO]: Command execution stopped due to limit (executed 65536 commands)
[00:33:04] [Server thread/INFO]: Command execution stopped due to limit (executed 65536 commands)
[00:33:04] [Server thread/INFO]: Command execution stopped due to limit (executed 65536 commands)
[00:33:04] [Server thread/INFO]: Command execution stopped due to limit (executed 65536 commands)
[00:33:04] [Server thread/INFO]: Command execution stopped due to limit (executed 65536 commands)
[00:33:04] [Server thread/INFO]: Command execution stopped due to limit (executed 65536 commands)
[00:33:04] [Server thread/INFO]: Command execution stopped due to limit (executed 65536 commands)
[00:33:04] [Server thread/INFO]: Command execution stopped due to limit (executed 65536 commands)
[00:33:04] [Server thread/INFO]: Command execution stopped due to limit (executed 65536 commands)
[00:33:04] [Server thread/INFO]: Command execution stopped due to limit (executed 65536 commands)
[00:33:04] [Server thread/INFO]: Command execution stopped due to limit (executed 65536 commands)
[00:33:05] [Server thread/INFO]: Command execution stopped due to limit (executed 65536 commands)
[00:33:05] [Server thread/INFO]: Command execution stopped due to limit (executed 65536 commands)
[00:33:05] [Server thread/INFO]: Command execution stopped due to limit (executed 65536 commands)
[00:33:05] [Server thread/INFO]: Command execution stopped due to limit (executed 65536 commands)
[00:33:05] [Server thread/INFO]: Command execution stopped due to limit (executed 65536 commands)
[00:33:05] [Server thread/INFO]: Command execution stopped due to limit (executed 65536 commands)
[00:33:05] [Server thread/INFO]: Command execution stopped due to limit (executed 65536 commands)
[00:33:05] [Server thread/INFO]: Command execution stopped due to limit (executed 65536 commands)
[00:33:05] [Server thread/INFO]: Command execution stopped due to limit (executed 65536 commands)
[00:33:05] [Server thread/INFO]: Command execution stopped due to limit (executed 65536 commands)
[00:33:05] [Server thread/INFO]: Command execution stopped due to limit (executed 65536 commands)
[00:33:05] [Server thread/INFO]: Command execution stopped due to limit (executed 65536 commands)
[00:33:05] [Server thread/INFO]: Command execution stopped due to limit (executed 65536 commands)
[00:33:05] [Server thread/INFO]: Command execution stopped due to limit (executed 65536 commands)
[00:33:05] [Server thread/INFO]: Command execution stopped due to limit (executed 65536 commands)
[00:33:05] [Server thread/INFO]: Command execution stopped due to limit (executed 65536 commands)
[00:33:05] [Server thread/INFO]: Command execution stopped due to limit (executed 65536 commands)
[00:33:06] [Server thread/INFO]: Command execution stopped due to limit (executed 65536 commands)
[00:33:06] [Server thread/INFO]: Command execution stopped due to limit (executed 65536 commands)
[00:33:06] [Server thread/INFO]: Command execution stopped due to limit (executed 65536 commands)
[00:33:06] [Server thread/INFO]: Command execution stopped due to limit (executed 65536 commands)
[00:33:06] [Server thread/INFO]: Command execution stopped due to limit (executed 65536 commands)
[00:33:06] [Server thread/INFO]: Command execution stopped due to limit (executed 65536 commands)
[00:33:06] [Server thread/INFO]: Command execution stopped due to limit (executed 65536 commands)
[00:33:06] [Server thread/INFO]: Command execution stopped due to limit (executed 65536 commands)
[00:33:06] [Server thread/INFO]: Command execution stopped due to limit (executed 65536 commands)
[00:33:06] [Server thread/INFO]: Command execution stopped due to limit (executed 65536 commands)
[00:33:06] [Server thread/INFO]: Command execution stopped due to limit (executed 65536 commands)
[00:33:06] [Server thread/INFO]: Command execution stopped due to limit (executed 65536 commands)
[00:33:06] [Server thread/INFO]: Command execution stopped due to limit (executed 65536 commands)
[00:33:06] [Server thread/INFO]: Command execution stopped due to limit (executed 65536 commands)
[00:33:06] [Server thread/INFO]: Command execution stopped due to limit (executed 65536 commands)
[00:33:06] [Server thread/INFO]: Command execution stopped due to limit (executed 65536 commands)
[00:33:06] [Server thread/INFO]: Command execution stopped due to limit (executed 65536 commands)
[00:33:07] [Server thread/INFO]: Command execution stopped due to limit (executed 65536 commands)
[00:33:07] [Server thread/INFO]: Command execution stopped due to limit (executed 65536 commands)
[00:33:07] [Server thread/INFO]: Command execution stopped due to limit (executed 65536 commands)
[00:33:07] [Server thread/INFO]: Command execution stopped due to limit (executed 65536 commands)
[00:33:07] [Server thread/INFO]: Command execution stopped due to limit (executed 65536 commands)
[00:33:07] [Server thread/INFO]: Command execution stopped due to limit (executed 65536 commands)
[00:33:07] [Server thread/INFO]: Command execution stopped due to limit (executed 65536 commands)
[00:33:07] [Server thread/INFO]: Command execution stopped due to limit (executed 65536 commands)
[00:33:07] [Server thread/INFO]: Command execution stopped due to limit (executed 65536 commands)
[00:33:07] [Server thread/INFO]: Command execution stopped due to limit (executed 65536 commands)
[00:33:07] [Server thread/INFO]: Command execution stopped due to limit (executed 65536 commands)
[00:33:07] [Server thread/INFO]: Command execution stopped due to limit (executed 65536 commands)
[00:33:07] [Server thread/INFO]: Command execution stopped due to limit (executed 65536 commands)
[00:33:07] [Server thread/INFO]: Command execution stopped due to limit (executed 65536 commands)
[00:33:07] [Server thread/INFO]: Command execution stopped due to limit (executed 65536 commands)
[00:33:07] [Server thread/INFO]: Command execution stopped due to limit (executed 65536 commands)
[00:33:07] [Server thread/INFO]: Command execution stopped due to limit (executed 65536 commands)
[00:33:07] [Server thread/INFO]: Command execution stopped due to limit (executed 65536 commands)
[00:33:08] [Server thread/INFO]: Command execution stopped due to limit (executed 65536 commands)
[00:33:08] [Server thread/INFO]: Command execution stopped due to limit (executed 65536 commands)
[00:33:08] [Server thread/INFO]: Command execution stopped due to limit (executed 65536 commands)
[00:33:08] [Server thread/INFO]: Command execution stopped due to limit (executed 65536 commands)
[00:33:08] [Server thread/INFO]: Command execution stopped due to limit (executed 65536 commands)
[00:33:08] [Server thread/INFO]: Command execution stopped due to limit (executed 65536 commands)
[00:33:08] [Server thread/INFO]: Command execution stopped due to limit (executed 65536 commands)
[00:33:08] [Server thread/INFO]: Command execution stopped due to limit (executed 65536 commands)
[00:33:08] [Server thread/INFO]: Command execution stopped due to limit (executed 65536 commands)
[00:33:08] [Server thread/INFO]: Command execution stopped due to limit (executed 65536 commands)
[00:33:08] [Server thread/INFO]: Command execution stopped due to limit (executed 65536 commands)
[00:33:08] [Server thread/INFO]: Command execution stopped due to limit (executed 65536 commands)
[00:33:08] [Server thread/INFO]: Command execution stopped due to limit (executed 65536 commands)
[00:33:08] [Server thread/INFO]: Command execution stopped due to limit (executed 65536 commands)
[00:33:08] [Server thread/INFO]: Command execution stopped due to limit (executed 65536 commands)
[00:33:08] [Server thread/INFO]: Command execution stopped due to limit (executed 65536 commands)
[00:33:08] [Server thread/INFO]: Command execution stopped due to limit (executed 65536 commands)
[00:33:09] [Server thread/INFO]: Command execution stopped due to limit (executed 65536 commands)
[00:33:09] [Server thread/INFO]: Command execution stopped due to limit (executed 65536 commands)
[00:33:09] [Server thread/INFO]: Command execution stopped due to limit (executed 65536 commands)
[00:33:09] [Server thread/INFO]: Command execution stopped due to limit (executed 65536 commands)
[00:33:09] [Server thread/INFO]: Command execution stopped due to limit (executed 65536 commands)
[00:33:09] [Server thread/INFO]: Command execution stopped due to limit (executed 65536 commands)
[00:33:09] [Server thread/INFO]: Command execution stopped due to limit (executed 65536 commands)
[00:33:09] [Server thread/INFO]: Command execution stopped due to limit (executed 65536 commands)
[00:33:09] [Server thread/INFO]: Command execution stopped due to limit (executed 65536 commands)
[00:33:09] [Server thread/INFO]: Command execution stopped due to limit (executed 65536 commands)
[00:33:09] [Server thread/INFO]: Command execution stopped due to limit (executed 65536 commands)
[00:33:09] [Server thread/INFO]: Command execution stopped due to limit (executed 65536 commands)
[00:33:09] [Server thread/INFO]: Command execution stopped due to limit (executed 65536 commands)
[00:33:09] [Server thread/INFO]: Command execution stopped due to limit (executed 65536 commands)
[00:33:09] [Server thread/INFO]: Command execution stopped due to limit (executed 65536 commands)
[00:33:09] [Server thread/INFO]: Command execution stopped due to limit (executed 65536 commands)
[00:33:09] [Server thread/INFO]: Command execution stopped due to limit (executed 65536 commands)
[00:33:09] [Server thread/INFO]: Command execution stopped due to limit (executed 65536 commands)
[00:33:10] [Server thread/INFO]: Command execution stopped due to limit (executed 65536 commands)
[00:33:10] [Server thread/INFO]: Command execution stopped due to limit (executed 65536 commands)
[00:33:10] [Server thread/INFO]: Command execution stopped due to limit (executed 65536 commands)
[00:33:10] [Server thread/INFO]: Command execution stopped due to limit (executed 65536 commands)
[00:33:10] [Server thread/INFO]: Command execution stopped due to limit (executed 65536 commands)
[00:33:10] [Server thread/INFO]: Command execution stopped due to limit (executed 65536 commands)
[00:33:10] [Server thread/INFO]: Command execution stopped due to limit (executed 65536 commands)
[00:33:10] [Server thread/INFO]: Command execution stopped due to limit (executed 65536 commands)
[00:33:10] [Server thread/INFO]: Command execution stopped due to limit (executed 65536 commands)
[00:33:10] [Server thread/INFO]: Command execution stopped due to limit (executed 65536 commands)
[00:33:10] [Server thread/INFO]: Command execution stopped due to limit (executed 65536 commands)
[00:33:10] [Server thread/INFO]: Command execution stopped due to limit (executed 65536 commands)
[00:33:10] [Server thread/INFO]: Command execution stopped due to limit (executed 65536 commands)
[00:33:10] [Server thread/INFO]: Command execution stopped due to limit (executed 65536 commands)
[00:33:10] [Server thread/INFO]: Command execution stopped due to limit (executed 65536 commands)
[00:33:10] [Server thread/INFO]: Command execution stopped due to limit (executed 65536 commands)
[00:33:10] [Server thread/INFO]: Command execution stopped due to limit (executed 65536 commands)
[00:33:10] [Server thread/INFO]: Command execution stopped due to limit (executed 65536 commands)
[00:33:11] [Server thread/INFO]: Command execution stopped due to limit (executed 65536 commands)
[00:33:11] [Server thread/INFO]: Command execution stopped due to limit (executed 65536 commands)
[00:33:11] [Server thread/INFO]: Command execution stopped due to limit (executed 65536 commands)
[00:33:11] [Server thread/INFO]: Command execution stopped due to limit (executed 65536 commands)
[00:33:11] [Server thread/INFO]: Command execution stopped due to limit (executed 65536 commands)
[00:33:11] [Server thread/INFO]: Command execution stopped due to limit (executed 65536 commands)
[00:33:11] [Server thread/INFO]: Command execution stopped due to limit (executed 65536 commands)
[00:33:11] [Server thread/INFO]: Command execution stopped due to limit (executed 65536 commands)
[00:33:11] [Server thread/INFO]: Command execution stopped due to limit (executed 65536 commands)
[00:33:11] [Server thread/INFO]: Command execution stopped due to limit (executed 65536 commands)
[00:33:11] [Server thread/INFO]: Command execution stopped due to limit (executed 65536 commands)
[00:33:11] [Server thread/INFO]: Command execution stopped due to limit (executed 65536 commands)
[00:33:11] [Server thread/INFO]: Command execution stopped due to limit (executed 65536 commands)
[00:33:11] [Server thread/INFO]: Command execution stopped due to limit (executed 65536 commands)
[00:33:11] [Server thread/INFO]: Command execution stopped due to limit (executed 65536 commands)
[00:33:11] [Server thread/INFO]: Command execution stopped due to limit (executed 65536 commands)
[00:33:11] [Server thread/INFO]: Command execution stopped due to limit (executed 65536 commands)
[00:33:11] [Server thread/INFO]: Command execution stopped due to limit (executed 65536 commands)
[00:33:12] [Server thread/INFO]: Command execution stopped due to limit (executed 65536 commands)
[00:33:12] [Server thread/INFO]: Command execution stopped due to limit (executed 65536 commands)
[00:33:12] [Server thread/INFO]: Command execution stopped due to limit (executed 65536 commands)
[00:33:12] [Server thread/INFO]: Command execution stopped due to limit (executed 65536 commands)
[00:33:12] [Server thread/INFO]: Command execution stopped due to limit (executed 65536 commands)
[00:33:12] [Server thread/INFO]: Command execution stopped due to limit (executed 65536 commands)
[00:33:12] [Server thread/INFO]: Command execution stopped due to limit (executed 65536 commands)
[00:33:12] [Server thread/INFO]: Command execution stopped due to limit (executed 65536 commands)
[00:33:12] [Server thread/INFO]: Command execution stopped due to limit (executed 65536 commands)
[00:33:12] [Server thread/INFO]: Command execution stopped due to limit (executed 65536 commands)
[00:33:12] [Server thread/INFO]: Command execution stopped due to limit (executed 65536 commands)
[00:33:12] [Server thread/INFO]: Command execution stopped due to limit (executed 65536 commands)
[00:33:12] [Server thread/INFO]: Command execution stopped due to limit (executed 65536 commands)
[00:33:12] [Server thread/INFO]: Command execution stopped due to limit (executed 65536 commands)
[00:33:12] [Server thread/INFO]: Command execution stopped due to limit (executed 65536 commands)
[00:33:12] [Server thread/INFO]: Command execution stopped due to limit (executed 65536 commands)
[00:33:12] [Server thread/INFO]: Command execution stopped due to limit (executed 65536 commands)
[00:33:13] [Server thread/INFO]: Command execution stopped due to limit (executed 65536 commands)
[00:33:13] [Server thread/INFO]: Command execution stopped due to limit (executed 65536 commands)
[00:33:13] [Server thread/INFO]: Command execution stopped due to limit (executed 65536 commands)
[00:33:13] [Server thread/INFO]: Command execution stopped due to limit (executed 65536 commands)
[00:33:13] [Server thread/INFO]: Command execution stopped due to limit (executed 65536 commands)
[00:33:13] [Server thread/INFO]: Command execution stopped due to limit (executed 65536 commands)
[00:33:13] [Server thread/INFO]: Command execution stopped due to limit (executed 65536 commands)
[00:33:13] [Server thread/INFO]: Command execution stopped due to limit (executed 65536 commands)
[00:33:13] [Server thread/INFO]: Command execution stopped due to limit (executed 65536 commands)
[00:33:13] [Server thread/INFO]: Command execution stopped due to limit (executed 65536 commands)
[00:33:13] [Server thread/INFO]: Command execution stopped due to limit (executed 65536 commands)
[00:33:13] [Server thread/INFO]: Command execution stopped due to limit (executed 65536 commands)
[00:33:13] [Server thread/INFO]: Command execution stopped due to limit (executed 65536 commands)
[00:33:13] [Server thread/INFO]: Command execution stopped due to limit (executed 65536 commands)
[00:33:13] [Server thread/INFO]: Command execution stopped due to limit (executed 65536 commands)
[00:33:13] [Server thread/INFO]: Command execution stopped due to limit (executed 65536 commands)
[00:33:13] [Server thread/INFO]: Command execution stopped due to limit (executed 65536 commands)
[00:33:13] [Server thread/INFO]: Command execution stopped due to limit (executed 65536 commands)
[00:33:14] [Server thread/INFO]: Command execution stopped due to limit (executed 65536 commands)
[00:33:14] [Server thread/INFO]: Command execution stopped due to limit (executed 65536 commands)
[00:33:14] [Server thread/INFO]: Command execution stopped due to limit (executed 65536 commands)
[00:33:14] [Server thread/INFO]: Command execution stopped due to limit (executed 65536 commands)
[00:33:14] [Server thread/INFO]: Command execution stopped due to limit (executed 65536 commands)
[00:33:14] [Server thread/INFO]: Command execution stopped due to limit (executed 65536 commands)
[00:33:14] [Server thread/INFO]: Command execution stopped due to limit (executed 65536 commands)
[00:33:14] [Server thread/INFO]: Command execution stopped due to limit (executed 65536 commands)
[00:33:14] [Server thread/INFO]: Command execution stopped due to limit (executed 65536 commands)
[00:33:14] [Server thread/INFO]: Command execution stopped due to limit (executed 65536 commands)
[00:33:14] [Server thread/INFO]: Command execution stopped due to limit (executed 65536 commands)
[00:33:14] [Server thread/INFO]: Command execution stopped due to limit (executed 65536 commands)
[00:33:14] [Server thread/INFO]: Command execution stopped due to limit (executed 65536 commands)
[00:33:14] [Server thread/INFO]: Command execution stopped due to limit (executed 65536 commands)
[00:33:14] [Server thread/INFO]: Command execution stopped due to limit (executed 65536 commands)
[00:33:14] [Server thread/INFO]: Command execution stopped due to limit (executed 65536 commands)
[00:33:14] [Server thread/INFO]: Command execution stopped due to limit (executed 65536 commands)
[00:33:14] [Server thread/INFO]: Command execution stopped due to limit (executed 65536 commands)
[00:33:15] [Server thread/INFO]: Command execution stopped due to limit (executed 65536 commands)
[00:33:15] [Server thread/INFO]: Command execution stopped due to limit (executed 65536 commands)
[00:33:15] [Server thread/INFO]: Command execution stopped due to limit (executed 65536 commands)
[00:33:15] [Server thread/INFO]: Command execution stopped due to limit (executed 65536 commands)
[00:33:15] [Server thread/INFO]: Command execution stopped due to limit (executed 65536 commands)
[00:33:15] [Server thread/INFO]: Command execution stopped due to limit (executed 65536 commands)
[00:33:15] [Server thread/INFO]: Command execution stopped due to limit (executed 65536 commands)
[00:33:15] [Server thread/INFO]: Command execution stopped due to limit (executed 65536 commands)
[00:33:15] [Server thread/INFO]: Command execution stopped due to limit (executed 65536 commands)
[00:33:15] [Server thread/INFO]: Command execution stopped due to limit (executed 65536 commands)
[00:33:15] [Server thread/INFO]: Command execution stopped due to limit (executed 65536 commands)
[00:33:15] [Server thread/INFO]: Command execution stopped due to limit (executed 65536 commands)
[00:33:15] [Server thread/INFO]: Command execution stopped due to limit (executed 65536 commands)
[00:33:15] [Server thread/INFO]: Command execution stopped due to limit (executed 65536 commands)
[00:33:15] [Server thread/INFO]: Command execution stopped due to limit (executed 65536 commands)
[00:33:15] [Server thread/INFO]: Command execution stopped due to limit (executed 65536 commands)
[00:33:15] [Server thread/INFO]: Command execution stopped due to limit (executed 65536 commands)
[00:33:15] [Server thread/INFO]: Command execution stopped due to limit (executed 65536 commands)
[00:33:16] [Server thread/INFO]: Command execution stopped due to limit (executed 65536 commands)
[00:33:16] [Server thread/INFO]: Command execution stopped due to limit (executed 65536 commands)
[00:33:16] [Server thread/INFO]: Command execution stopped due to limit (executed 65536 commands)
[00:33:16] [Server thread/INFO]: Command execution stopped due to limit (executed 65536 commands)
[00:33:16] [Server thread/INFO]: Command execution stopped due to limit (executed 65536 commands)
[00:33:16] [Server thread/INFO]: Command execution stopped due to limit (executed 65536 commands)
[00:33:16] [Server thread/INFO]: Command execution stopped due to limit (executed 65536 commands)
[00:33:16] [Server thread/INFO]: Command execution stopped due to limit (executed 65536 commands)
[00:33:16] [Server thread/INFO]: Command execution stopped due to limit (executed 65536 commands)
[00:33:16] [Server thread/INFO]: Command execution stopped due to limit (executed 65536 commands)
[00:33:16] [Server thread/INFO]: Command execution stopped due to limit (executed 65536 commands)
[00:33:16] [Server thread/INFO]: Command execution stopped due to limit (executed 65536 commands)
[00:33:16] [Server thread/INFO]: Command execution stopped due to limit (executed 65536 commands)
[00:33:16] [Server thread/INFO]: Command execution stopped due to limit (executed 65536 commands)
[00:33:16] [Server thread/INFO]: Command execution stopped due to limit (executed 65536 commands)
[00:33:16] [Server thread/INFO]: Command execution stopped due to limit (executed 65536 commands)
[00:33:16] [Server thread/INFO]: Command execution stopped due to limit (executed 65536 commands)
[00:33:16] [Server thread/INFO]: Command execution stopped due to limit (executed 65536 commands)
[00:33:17] [Server thread/INFO]: Command execution stopped due to limit (executed 65536 commands)
[00:33:17] [Server thread/INFO]: Command execution stopped due to limit (executed 65536 commands)
[00:33:17] [Server thread/INFO]: Command execution stopped due to limit (executed 65536 commands)
[00:33:17] [Server thread/INFO]: Command execution stopped due to limit (executed 65536 commands)
[00:33:17] [Server thread/INFO]: Command execution stopped due to limit (executed 65536 commands)
[00:33:17] [Server thread/INFO]: Command execution stopped due to limit (executed 65536 commands)
[00:33:17] [Server thread/INFO]: Command execution stopped due to limit (executed 65536 commands)
[00:33:17] [Server thread/INFO]: Command execution stopped due to limit (executed 65536 commands)
[00:33:17] [Server thread/INFO]: Command execution stopped due to limit (executed 65536 commands)
[00:33:17] [Server thread/INFO]: Command execution stopped due to limit (executed 65536 commands)
[00:33:17] [Server thread/INFO]: Command execution stopped due to limit (executed 65536 commands)
[00:33:17] [Server thread/INFO]: Command execution stopped due to limit (executed 65536 commands)
[00:33:17] [Server thread/INFO]: Command execution stopped due to limit (executed 65536 commands)
[00:33:17] [Server thread/INFO]: Command execution stopped due to limit (executed 65536 commands)
[00:33:17] [Server thread/INFO]: Command execution stopped due to limit (executed 65536 commands)
[00:33:17] [Server thread/INFO]: Command execution stopped due to limit (executed 65536 commands)
[00:33:17] [Server thread/INFO]: Command execution stopped due to limit (executed 65536 commands)
[00:33:18] [Server thread/INFO]: Command execution stopped due to limit (executed 65536 commands)
[00:33:18] [Server thread/INFO]: Command execution stopped due to limit (executed 65536 commands)
[00:33:18] [Server thread/INFO]: Command execution stopped due to limit (executed 65536 commands)
[00:33:18] [Server thread/INFO]: Command execution stopped due to limit (executed 65536 commands)
[00:33:18] [Server thread/INFO]: Command execution stopped due to limit (executed 65536 commands)
[00:33:18] [Server thread/INFO]: Command execution stopped due to limit (executed 65536 commands)
[00:33:18] [Server thread/INFO]: Command execution stopped due to limit (executed 65536 commands)
[00:33:18] [Server thread/INFO]: Command execution stopped due to limit (executed 65536 commands)
[00:33:18] [Server thread/WARN]: Can't keep up! Is the server overloaded? Running 2001ms or 40 ticks behind
[00:33:18] [Server thread/INFO]: Command execution stopped due to limit (executed 65536 commands)
[00:33:18] [Server thread/INFO]: Command execution stopped due to limit (executed 65536 commands)
[00:33:18] [Server thread/INFO]: Command execution stopped due to limit (executed 65536 commands)
[00:33:18] [Server thread/INFO]: Command execution stopped due to limit (executed 65536 commands)
[00:33:18] [Server thread/INFO]: Command execution stopped due to limit (executed 65536 commands)
[00:33:18] [Server thread/INFO]: Command execution stopped due to limit (executed 65536 commands)
[00:33:18] [Server thread/INFO]: Command execution stopped due to limit (executed 65536 commands)
[00:33:18] [Server thread/INFO]: Command execution stopped due to limit (executed 65536 commands)
[00:33:18] [Server thread/INFO]: Command execution stopped due to limit (executed 65536 commands)
[00:33:18] [Server thread/INFO]: Command execution stopped due to limit (executed 65536 commands)
[00:33:19] [Server thread/INFO]: Command execution stopped due to limit (executed 65536 commands)
[00:33:19] [Server thread/INFO]: Command execution stopped due to limit (executed 65536 commands)
[00:33:19] [Server thread/INFO]: Command execution stopped due to limit (executed 65536 commands)
[00:33:19] [Server thread/INFO]: Command execution stopped due to limit (executed 65536 commands)
[00:33:19] [Server thread/INFO]: Command execution stopped due to limit (executed 65536 commands)
[00:33:19] [Server thread/INFO]: Command execution stopped due to limit (executed 65536 commands)
[00:33:19] [Server thread/INFO]: Command execution stopped due to limit (executed 65536 commands)
[00:33:19] [Server thread/INFO]: Command execution stopped due to limit (executed 65536 commands)
[00:33:19] [Server thread/INFO]: Command execution stopped due to limit (executed 65536 commands)
[00:33:19] [Server thread/INFO]: Command execution stopped due to limit (executed 65536 commands)
[00:33:19] [Server thread/INFO]: Command execution stopped due to limit (executed 65536 commands)
[00:33:19] [Server thread/INFO]: Command execution stopped due to limit (executed 65536 commands)
[00:33:19] [Server thread/INFO]: Command execution stopped due to limit (executed 65536 commands)
[00:33:19] [Server thread/INFO]: Command execution stopped due to limit (executed 65536 commands)
[00:33:19] [Server thread/INFO]: Command execution stopped due to limit (executed 65536 commands)
[00:33:19] [Server thread/INFO]: Command execution stopped due to limit (executed 65536 commands)
[00:33:19] [Server thread/INFO]: Command execution stopped due to limit (executed 65536 commands)
[00:33:20] [Server thread/INFO]: Command execution stopped due to limit (executed 65536 commands)
[00:33:20] [Server thread/INFO]: Command execution stopped due to limit (executed 65536 commands)
[00:33:20] [Server thread/INFO]: Command execution stopped due to limit (executed 65536 commands)
[00:33:20] [Server thread/INFO]: Command execution stopped due to limit (executed 65536 commands)
[00:33:20] [Server thread/INFO]: Command execution stopped due to limit (executed 65536 commands)
[00:33:20] [Server thread/INFO]: Command execution stopped due to limit (executed 65536 commands)
[00:33:20] [Server thread/INFO]: Command execution stopped due to limit (executed 65536 commands)
[00:33:20] [Server thread/INFO]: Command execution stopped due to limit (executed 65536 commands)
[00:33:20] [Server thread/INFO]: Command execution stopped due to limit (executed 65536 commands)
[00:33:20] [Server thread/INFO]: Command execution stopped due to limit (executed 65536 commands)
[00:33:20] [Server thread/INFO]: Command execution stopped due to limit (executed 65536 commands)
[00:33:20] [Server thread/INFO]: Command execution stopped due to limit (executed 65536 commands)
[00:33:20] [Server thread/INFO]: Command execution stopped due to limit (executed 65536 commands)
[00:33:20] [Server thread/INFO]: Command execution stopped due to limit (executed 65536 commands)
[00:33:20] [Server thread/INFO]: Command execution stopped due to limit (executed 65536 commands)
[00:33:20] [Server thread/INFO]: Command execution stopped due to limit (executed 65536 commands)
[00:33:20] [Server thread/INFO]: Command execution stopped due to limit (executed 65536 commands)
[00:33:20] [Server thread/INFO]: Command execution stopped due to limit (executed 65536 commands)
[00:33:21] [Server thread/INFO]: Command execution stopped due to limit (executed 65536 commands)
[00:33:21] [Server thread/INFO]: Command execution stopped due to limit (executed 65536 commands)
[00:33:21] [Server thread/INFO]: Command execution stopped due to limit (executed 65536 commands)
[00:33:21] [Server thread/INFO]: Command execution stopped due to limit (executed 65536 commands)
[00:33:21] [Server thread/INFO]: Command execution stopped due to limit (executed 65536 commands)
[00:33:21] [Server thread/INFO]: Command execution stopped due to limit (executed 65536 commands)
[00:33:21] [Server thread/INFO]: Command execution stopped due to limit (executed 65536 commands)
[00:33:21] [Server thread/INFO]: Command execution stopped due to limit (executed 65536 commands)
[00:33:21] [Server thread/INFO]: Command execution stopped due to limit (executed 65536 commands)
[00:33:21] [Server thread/INFO]: Command execution stopped due to limit (executed 65536 commands)
[00:33:21] [Server thread/INFO]: Command execution stopped due to limit (executed 65536 commands)
[00:33:21] [Server thread/INFO]: Command execution stopped due to limit (executed 65536 commands)
[00:33:21] [Server thread/INFO]: Command execution stopped due to limit (executed 65536 commands)
[00:33:21] [Server thread/INFO]: Command execution stopped due to limit (executed 65536 commands)
[00:33:21] [Server thread/INFO]: Command execution stopped due to limit (executed 65536 commands)
[00:33:21] [Server thread/INFO]: Command execution stopped due to limit (executed 65536 commands)
[00:33:21] [Server thread/INFO]: Command execution stopped due to limit (executed 65536 commands)
[00:33:21] [Server thread/INFO]: Command execution stopped due to limit (executed 65536 commands)
[00:33:22] [Server thread/INFO]: Command execution stopped due to limit (executed 65536 commands)
[00:33:22] [Server thread/INFO]: Command execution stopped due to limit (executed 65536 commands)
[00:33:22] [Server thread/INFO]: Command execution stopped due to limit (executed 65536 commands)
[00:33:22] [Server thread/INFO]: Command execution stopped due to limit (executed 65536 commands)
[00:33:22] [Server thread/INFO]: Command execution stopped due to limit (executed 65536 commands)
[00:33:22] [Server thread/INFO]: Command execution stopped due to limit (executed 65536 commands)
[00:33:22] [Server thread/INFO]: Command execution stopped due to limit (executed 65536 commands)
[00:33:22] [Server thread/INFO]: Command execution stopped due to limit (executed 65536 commands)
[00:33:22] [Server thread/INFO]: Command execution stopped due to limit (executed 65536 commands)
[00:33:22] [Server thread/INFO]: Command execution stopped due to limit (executed 65536 commands)
[00:33:22] [Server thread/INFO]: Command execution stopped due to limit (executed 65536 commands)
[00:33:22] [Server thread/INFO]: Command execution stopped due to limit (executed 65536 commands)
[00:33:22] [Server thread/INFO]: Command execution stopped due to limit (executed 65536 commands)
[00:33:22] [Server thread/INFO]: Command execution stopped due to limit (executed 65536 commands)
[00:33:22] [Server thread/INFO]: Command execution stopped due to limit (executed 65536 commands)
[00:33:22] [Server thread/INFO]: Command execution stopped due to limit (executed 65536 commands)
[00:33:22] [Server thread/INFO]: Command execution stopped due to limit (executed 65536 commands)
[00:33:22] [Server thread/INFO]: Command execution stopped due to limit (executed 65536 commands)
[00:33:23] [Server thread/INFO]: Command execution stopped due to limit (executed 65536 commands)
[00:33:23] [Server thread/INFO]: Command execution stopped due to limit (executed 65536 commands)
[00:33:23] [Server thread/INFO]: Command execution stopped due to limit (executed 65536 commands)
[00:33:23] [Server thread/INFO]: Command execution stopped due to limit (executed 65536 commands)
[00:33:23] [Server thread/INFO]: Command execution stopped due to limit (executed 65536 commands)
[00:33:23] [Server thread/INFO]: Command execution stopped due to limit (executed 65536 commands)
[00:33:23] [Server thread/INFO]: Command execution stopped due to limit (executed 65536 commands)
[00:33:23] [Server thread/INFO]: Command execution stopped due to limit (executed 65536 commands)
[00:33:23] [Server thread/INFO]: Command execution stopped due to limit (executed 65536 commands)
[00:33:23] [Server thread/INFO]: Command execution stopped due to limit (executed 65536 commands)
[00:33:23] [Server thread/INFO]: Command execution stopped due to limit (executed 65536 commands)
[00:33:23] [Server thread/INFO]: Command execution stopped due to limit (executed 65536 commands)
[00:33:23] [Server thread/INFO]: Command execution stopped due to limit (executed 65536 commands)
[00:33:23] [Server thread/INFO]: Command execution stopped due to limit (executed 65536 commands)
[00:33:23] [Server thread/INFO]: Command execution stopped due to limit (executed 65536 commands)
[00:33:23] [Server thread/INFO]: Command execution stopped due to limit (executed 65536 commands)
[00:33:23] [Server thread/INFO]: Command execution stopped due to limit (executed 65536 commands)
[00:33:24] [Server thread/INFO]: Command execution stopped due to limit (executed 65536 commands)
[00:33:24] [Server thread/INFO]: Command execution stopped due to limit (executed 65536 commands)
[00:33:24] [Server thread/INFO]: Command execution stopped due to limit (executed 65536 commands)
[00:33:24] [Server thread/INFO]: Command execution stopped due to limit (executed 65536 commands)
[00:33:24] [Server thread/INFO]: Command execution stopped due to limit (executed 65536 commands)
[00:33:24] [Server thread/INFO]: Command execution stopped due to limit (executed 65536 commands)
[00:33:24] [Server thread/INFO]: Command execution stopped due to limit (executed 65536 commands)
[00:33:24] [Server thread/INFO]: Command execution stopped due to limit (executed 65536 commands)
[00:33:24] [Server thread/INFO]: Command execution stopped due to limit (executed 65536 commands)
[00:33:24] [Server thread/INFO]: Command execution stopped due to limit (executed 65536 commands)
[00:33:24] [Server thread/INFO]: Command execution stopped due to limit (executed 65536 commands)
[00:33:24] [Server thread/INFO]: Command execution stopped due to limit (executed 65536 commands)
[00:33:24] [Server thread/INFO]: Command execution stopped due to limit (executed 65536 commands)
[00:33:24] [Server thread/INFO]: Command execution stopped due to limit (executed 65536 commands)
[00:33:24] [Server thread/INFO]: Command execution stopped due to limit (executed 65536 commands)
[00:33:24] [Server thread/INFO]: Command execution stopped due to limit (executed 65536 commands)
[00:33:24] [Server thread/INFO]: Command execution stopped due to limit (executed 65536 commands)
[00:33:24] [Server thread/INFO]: Command execution stopped due to limit (executed 65536 commands)
[00:33:25] [Server thread/INFO]: Command execution stopped due to limit (executed 65536 commands)
[00:33:25] [Server thread/INFO]: Command execution stopped due to limit (executed 65536 commands)
[00:33:25] [Server thread/INFO]: Command execution stopped due to limit (executed 65536 commands)
[00:33:25] [Server thread/INFO]: Command execution stopped due to limit (executed 65536 commands)
[00:33:25] [Server thread/INFO]: Command execution stopped due to limit (executed 65536 commands)
[00:33:25] [Server thread/INFO]: Command execution stopped due to limit (executed 65536 commands)
[00:33:25] [Server thread/INFO]: Command execution stopped due to limit (executed 65536 commands)
[00:33:25] [Server thread/INFO]: Command execution stopped due to limit (executed 65536 commands)
[00:33:25] [Server thread/INFO]: Command execution stopped due to limit (executed 65536 commands)
[00:33:25] [Server thread/INFO]: Command execution stopped due to limit (executed 65536 commands)
[00:33:25] [Server thread/INFO]: Command execution stopped due to limit (executed 65536 commands)
[00:33:25] [Server thread/INFO]: Command execution stopped due to limit (executed 65536 commands)
[00:33:25] [Server thread/INFO]: Command execution stopped due to limit (executed 65536 commands)
[00:33:25] [Server thread/INFO]: Command execution stopped due to limit (executed 65536 commands)
[00:33:25] [Server thread/INFO]: Command execution stopped due to limit (executed 65536 commands)
[00:33:25] [Server thread/INFO]: Command execution stopped due to limit (executed 65536 commands)
[00:33:25] [Server thread/INFO]: Command execution stopped due to limit (executed 65536 commands)
[00:33:26] [Server thread/INFO]: Command execution stopped due to limit (executed 65536 commands)
[00:33:26] [Server thread/INFO]: Command execution stopped due to limit (executed 65536 commands)
[00:33:26] [Server thread/INFO]: Command execution stopped due to limit (executed 65536 commands)
[00:33:26] [Server thread/INFO]: Command execution stopped due to limit (executed 65536 commands)
[00:33:26] [Server thread/INFO]: Command execution stopped due to limit (executed 65536 commands)
[00:33:26] [Server thread/INFO]: Command execution stopped due to limit (executed 65536 commands)
[00:33:26] [Server thread/INFO]: Command execution stopped due to limit (executed 65536 commands)
[00:33:26] [Server thread/INFO]: Command execution stopped due to limit (executed 65536 commands)
[00:33:26] [Server thread/INFO]: Command execution stopped due to limit (executed 65536 commands)
[00:33:26] [Server thread/INFO]: Command execution stopped due to limit (executed 65536 commands)
[00:33:26] [Server thread/INFO]: Command execution stopped due to limit (executed 65536 commands)
[00:33:26] [Server thread/INFO]: Command execution stopped due to limit (executed 65536 commands)
[00:33:26] [Server thread/INFO]: Command execution stopped due to limit (executed 65536 commands)
[00:33:26] [Server thread/INFO]: Command execution stopped due to limit (executed 65536 commands)
[00:33:26] [Server thread/INFO]: Command execution stopped due to limit (executed 65536 commands)
[00:33:26] [Server thread/INFO]: Command execution stopped due to limit (executed 65536 commands)
[00:33:26] [Server thread/INFO]: Command execution stopped due to limit (executed 65536 commands)
[00:33:26] [Server thread/INFO]: Command execution stopped due to limit (executed 65536 commands)
[00:33:27] [Server thread/INFO]: Command execution stopped due to limit (executed 65536 commands)
[00:33:27] [Server thread/INFO]: Command execution stopped due to limit (executed 65536 commands)
[00:33:27] [Server thread/INFO]: Command execution stopped due to limit (executed 65536 commands)
[00:33:27] [Server thread/INFO]: Command execution stopped due to limit (executed 65536 commands)
[00:33:27] [Server thread/INFO]: Command execution stopped due to limit (executed 65536 commands)
[00:33:27] [Server thread/INFO]: Command execution stopped due to limit (executed 65536 commands)
[00:33:27] [Server thread/INFO]: Command execution stopped due to limit (executed 65536 commands)
[00:33:27] [Server thread/INFO]: Command execution stopped due to limit (executed 65536 commands)
[00:33:27] [Server thread/INFO]: Command execution stopped due to limit (executed 65536 commands)
[00:33:27] [Server thread/INFO]: Command execution stopped due to limit (executed 65536 commands)
[00:33:27] [Server thread/INFO]: Command execution stopped due to limit (executed 65536 commands)
[00:33:27] [Server thread/INFO]: Command execution stopped due to limit (executed 65536 commands)
[00:33:27] [Server thread/INFO]: Command execution stopped due to limit (executed 65536 commands)
[00:33:27] [Server thread/INFO]: Command execution stopped due to limit (executed 65536 commands)
[00:33:27] [Server thread/INFO]: Command execution stopped due to limit (executed 65536 commands)
[00:33:27] [Server thread/INFO]: Command execution stopped due to limit (executed 65536 commands)
[00:33:27] [Server thread/INFO]: Command execution stopped due to limit (executed 65536 commands)
[00:33:27] [Server thread/INFO]: Command execution stopped due to limit (executed 65536 commands)
[00:33:28] [Server thread/INFO]: Command execution stopped due to limit (executed 65536 commands)
[00:33:28] [Server thread/INFO]: Command execution stopped due to limit (executed 65536 commands)
[00:33:28] [Server thread/INFO]: Command execution stopped due to limit (executed 65536 commands)
[00:33:28] [Server thread/INFO]: Command execution stopped due to limit (executed 65536 commands)
[00:33:28] [Server thread/INFO]: Command execution stopped due to limit (executed 65536 commands)
[00:33:28] [Server thread/INFO]: Command execution stopped due to limit (executed 65536 commands)
[00:33:28] [Server thread/INFO]: Command execution stopped due to limit (executed 65536 commands)
[00:33:28] [Server thread/INFO]: Command execution stopped due to limit (executed 65536 commands)
[00:33:28] [Server thread/INFO]: Command execution stopped due to limit (executed 65536 commands)
[00:33:28] [Server thread/INFO]: Command execution stopped due to limit (executed 65536 commands)
[00:33:28] [Server thread/INFO]: Command execution stopped due to limit (executed 65536 commands)
[00:33:28] [Server thread/INFO]: Command execution stopped due to limit (executed 65536 commands)
[00:33:28] [Server thread/INFO]: Command execution stopped due to limit (executed 65536 commands)
[00:33:28] [Server thread/INFO]: Command execution stopped due to limit (executed 65536 commands)
[00:33:28] [Server thread/INFO]: Command execution stopped due to limit (executed 65536 commands)
[00:33:28] [Server thread/INFO]: Command execution stopped due to limit (executed 65536 commands)
[00:33:28] [Server thread/INFO]: Command execution stopped due to limit (executed 65536 commands)
[00:33:28] [Server thread/INFO]: [devnull03: Stopping the server]
[00:33:28] [Server thread/INFO]: Stopping server
[00:33:28] [Server thread/INFO]: Saving players
[00:33:28] [Server thread/INFO]: devnull03 lost connection: Server closed
[00:33:28] [Server thread/INFO]: devnull03 left the game
[00:33:28] [Server thread/INFO]: Saving worlds
[00:33:29] [Server thread/INFO]: Saving chunks for level 'ServerLevel[world]'/minecraft:overworld
[00:33:29] [Server thread/INFO]: Saving chunks for level 'ServerLevel[world]'/minecraft:the_end
[00:33:29] [Server thread/INFO]: Saving chunks for level 'ServerLevel[world]'/minecraft:the_nether
[00:33:29] [Server thread/INFO]: ThreadedAnvilChunkStorage (world): All chunks are saved
[00:33:29] [Server thread/INFO]: ThreadedAnvilChunkStorage (DIM1): All chunks are saved
[00:33:29] [Server thread/INFO]: ThreadedAnvilChunkStorage (DIM-1): All chunks are saved
[00:33:29] [Server thread/INFO]: ThreadedAnvilChunkStorage: All dimensions are saved
